// Jest Snapshot v1, https://goo.gl/fbAQLP

exports[`This is for test suite this test case match snapshots 1`] = `null`;
